[backblue.gif]
[fade.gif]
[index.html]
[luna-memestarter.com/bg1-DWJ0RCfe.png]
[luna-memestarter.com/iPhoneSS-DpoVylXb.png]
[luna-memestarter.com/contentimg1-d6m7sRFw.png]
[luna-memestarter.com/coinGroup1-R48YoBp5.png]
[luna-memestarter.com/iPhone Image-pZbQWzRq.png]
[luna-memestarter.com/coinGroup2-Bkx6Q6TB.png]
[luna-memestarter.com/index.html]
[luna-memestarter.com/logo.svg]
[luna-memestarter.com/css2.css]
[luna-memestarter.com/Satoshi-Variable-ChAXbpFa.ttf]
[luna-memestarter.com/index-DXrY5z_5.css]
[luna-memestarter.com/styles-DQqVfxH3.css]
[luna-memestarter.com/Nav-BSSNAbSG.css]
[luna-memestarter.com/Footer-BFSbDbyr.css]
[luna-memestarter.com/Landing-BPBDyXu0.css]
[luna-memestarter.com/responsive.css]
[luna-memestarter.com/logo-full.svg]
[luna-memestarter.com/create-token/assets/Satoshi-Variable-ChAXbpFa.ttf]
[luna-memestarter.com/create-token/sol.png]
[luna-memestarter.com/create-token/index.html]
[luna-memestarter.com/assets/logo-full.html]
[luna-memestarter.com/create-token/assets/logo.svg]
[luna-memestarter.com/create-token/assets/css2.css]
[luna-memestarter.com/create-token/assets/index-DXrY5z_5.css]
[luna-memestarter.com/create-token/assets/styles-DQqVfxH3.css]
[luna-memestarter.com/create-token/assets/Nav-BSSNAbSG.css]
[luna-memestarter.com/create-token/assets/Footer-BFSbDbyr.css]
[luna-memestarter.com/create-token/assets/CreateToken-CY8WSv_N.css]
[luna-memestarter.com/create-token/assets/responsive.css]
[luna-memestarter.com/index-2.html]
[luna-memestarter.com/create-token/assets/logo-full.svg]
[luna-memestarter.com/create-token/assets/bba1c45c4d7a1e2206dbce3838618fb84d176061.svg]
[luna-memestarter.com/terms-of-service.html]
[luna-memestarter.com/privacy-policy.html]
[luna-memestarter.com/create-token/assets/copy-03.svg]
[luna-memestarter.com/create-token/assetsSatoshi-Variable-ChAXbpFa.html]
